// Jest Snapshot v1, https://goo.gl/fbAQLP

exports[`SnapshotTest withAddReviewPage 1`] = `
<withAddReviewPage
  comment=""
  isBlocked={false}
  isBlockedForm={false}
  isError={false}
  isShowMassege={false}
  onChangeRating={[Function]}
  onFormSubmit={[Function]}
  onInputComment={[Function]}
  rating={0}
/>
`;
