// Jest Snapshot v1, https://goo.gl/fbAQLP

exports[`SnapshotTest FilmList 1`] = `
<div
  className="catalog__movies-list"
>
  <article
    className="small-movie-card catalog__movies-card"
    onClick={[Function]}
    onMouseEnter={[Function]}
    onMouseLeave={[Function]}
  >
    <div
      className="small-movie-card__image"
      onClick={[Function]}
    >
      <img
        alt="Fantastic Beasts: The Crimes of Grindelwald"
        height="175"
        src="https://htmlacademy-react-3.appspot.com/wtw/static/film/poster/War_of_the_Worlds.jpg"
        width="280"
      />
    </div>
    <h3
      className="small-movie-card__title"
      onClick={[Function]}
    >
      <a
        className="small-movie-card__link"
        href="/films/1"
        onClick={[Function]}
      >
        War of the Worlds
      </a>
    </h3>
  </article>
</div>
`;
